asdfg
testtest
ABCDE
AQWZXSD
VBGHJUYKIYTRGBHG
こんにちは
こちらはログファイルからデータを読み込んでいます。